Time[ps]      Etot[eV]     Epot[eV]     Ekin[eV]    T[K]
0.0000        -463.0435    -469.9960       6.9525   977.9
0.0150        -463.0456    -470.3124       7.2668  1022.2
0.0300        -463.0513    -469.8868       6.8355   961.5
0.0450        -463.0503    -469.3437       6.2934   885.2
0.0600        -463.0366    -469.1770       6.1404   863.7
0.0750        -463.0115    -469.6777       6.6662   937.7
0.0900        -462.9723    -469.6215       6.6492   935.3
0.1050        -462.9279    -470.9190       7.9911  1124.0
0.1200        -462.8932    -470.3432       7.4500  1047.9
0.1350        -462.8756    -470.2835       7.4079  1042.0
0.1500        -462.8673    -470.2008       7.3335  1031.5
0.1650        -462.8722    -469.7308       6.8586   964.7
0.1800        -462.8740    -468.5746       5.7007   801.9
0.1950        -462.8669    -469.5042       6.6373   933.6
0.2100        -462.8516    -470.0387       7.1872  1011.0
0.2250        -462.8379    -469.4760       6.6381   933.7
0.2400        -462.8355    -470.5975       7.7621  1091.8
0.2550        -462.8504    -470.1232       7.2728  1023.0
0.2700        -462.8881    -469.8966       7.0086   985.8
0.2850        -462.9484    -470.2235       7.2751  1023.3
0.3000        -463.0438    -470.5636       7.5198  1057.7
0.3150        -463.1690    -470.0358       6.8668   965.9
0.3300        -463.3207    -470.2240       6.9033   971.0
0.3450        -463.5099    -470.6829       7.1730  1009.0
0.3600        -463.7150    -470.2994       6.5844   926.2
0.3750        -463.9306    -470.2207       6.2900   884.8
0.3900        -464.1240    -470.1583       6.0343   848.8
0.4050        -464.3151    -470.4231       6.1080   859.2
0.4200        -464.4943    -470.7036       6.2094   873.4
0.4350        -464.6613    -470.8719       6.2106   873.6
0.4500        -464.8209    -471.1612       6.3403   891.8
0.4650        -464.9856    -472.2243       7.2387  1018.2
0.4800        -465.1577    -471.6245       6.4669   909.6
0.4950        -465.3031    -470.8777       5.5746   784.1
0.5100        -465.4222    -471.2217       5.7994   815.8
0.5250        -465.5249    -471.0567       5.5317   778.1
0.5400        -465.6111    -471.1602       5.5490   780.5
0.5550        -465.6830    -470.8853       5.2023   731.8
0.5700        -465.7366    -471.3032       5.5667   783.0
0.5850        -465.7988    -472.4507       6.6519   935.7
0.6000        -465.8576    -471.2828       5.4252   763.1
0.6150        -465.9213    -472.3653       6.4440   906.4
0.6300        -465.9958    -471.7385       5.7426   807.8
0.6450        -466.0499    -470.9402       4.8903   687.9
0.6600        -466.1046    -471.7472       5.6426   793.7
0.6750        -466.1466    -471.0661       4.9195   692.0
0.6900        -466.1853    -471.6739       5.4886   772.0
0.7050        -466.2129    -471.1365       4.9236   692.6
0.7200        -466.2368    -471.9657       5.7289   805.8
0.7350        -466.2661    -471.8379       5.5718   783.7
0.7500        -466.2900    -471.5509       5.2609   740.0
0.7650        -466.3266    -472.6164       6.2898   884.7
0.7800        -466.3688    -471.3709       5.0020   703.6
0.7950        -466.4088    -471.6661       5.2573   739.5
0.8100        -466.4497    -471.5214       5.0718   713.4
0.8250        -466.4879    -471.7748       5.2870   743.7
0.8400        -466.5381    -472.2832       5.7452   808.1
0.8550        -466.5861    -470.9995       4.4134   620.8
0.8700        -466.6395    -472.1858       5.5462   780.1
0.8850        -466.6982    -471.5343       4.8361   680.2
0.9000        -466.7574    -471.6297       4.8724   685.4
0.9150        -466.8273    -472.3434       5.5161   775.9
0.9300        -466.9147    -472.1611       5.2464   738.0
0.9450        -467.0295    -472.6775       5.6480   794.5
0.9600        -467.1534    -471.7893       4.6359   652.1
0.9750        -467.2918    -472.6931       5.4013   759.7
0.9900        -467.4500    -471.8459       4.3959   618.3
1.0050        -467.5765    -471.7731       4.1966   590.3
1.0200        -467.7180    -472.4384       4.7204   664.0
1.0350        -467.8427    -472.0953       4.2526   598.2
1.0500        -467.9753    -473.2852       5.3098   746.9
1.0650        -468.1144    -472.9738       4.8593   683.5
1.0800        -468.2459    -473.2417       4.9958   702.7
1.0950        -468.3645    -472.7707       4.4062   619.8
1.1100        -468.4575    -472.8738       4.4164   621.2
1.1250        -468.5421    -473.0009       4.4587   627.2
1.1400        -468.6026    -472.4213       3.8187   537.1
1.1550        -468.6448    -472.8986       4.2538   598.3
1.1700        -468.6788    -473.0879       4.4092   620.2
1.1850        -468.7091    -473.4011       4.6920   660.0
1.2000        -468.7364    -473.0811       4.3447   611.1
1.2150        -468.7615    -473.2011       4.4396   624.5
1.2300        -468.7800    -472.8771       4.0971   576.3
1.2450        -468.7953    -473.0900       4.2947   604.1
1.2600        -468.8075    -473.0538       4.2464   597.3
1.2750        -468.8158    -473.0413       4.2255   594.4
1.2900        -468.8227    -473.0765       4.2538   598.3
1.3050        -468.8289    -472.9044       4.0755   573.3
1.3200        -468.8329    -472.9686       4.1357   581.7
1.3350        -468.8356    -473.0577       4.2221   593.9
1.3500        -468.8408    -473.1795       4.3387   610.3
1.3650        -468.8461    -472.9154       4.0693   572.4
1.3800        -468.8562    -473.2810       4.4248   622.4
1.3950        -468.8719    -473.3579       4.4859   631.0
1.4100        -468.8987    -473.4513       4.5526   640.4
1.4250        -468.9404    -473.2320       4.2916   603.7
1.4400        -468.9796    -472.7025       3.7229   523.7
1.4550        -469.0269    -473.2789       4.2520   598.1
1.4700        -469.0742    -472.7923       3.7181   523.0
1.4850        -469.1240    -473.0678       3.9438   554.7
1.5000        -469.1834    -473.1799       3.9965   562.2
1.5150        -469.2501    -473.4268       4.1768   587.5
1.5300        -469.3458    -473.8202       4.4744   629.4
1.5450        -469.4489    -473.1181       3.6692   516.1
1.5600        -469.5744    -474.0262       4.4518   626.2
1.5750        -469.7174    -473.3106       3.5932   505.4
1.5900        -469.8433    -473.2717       3.4284   482.2
1.6050        -469.9786    -473.7777       3.7991   534.4
1.6200        -470.0988    -473.3836       3.2848   462.0
1.6350        -470.2091    -473.9639       3.7548   528.2
1.6500        -470.3021    -473.7730       3.4709   488.2
1.6650        -470.3786    -474.0930       3.7144   522.5
1.6800        -470.4476    -474.0762       3.6287   510.4
1.6950        -470.4918    -473.6909       3.1991   450.0
1.7100        -470.5316    -474.0634       3.5318   496.8
1.7250        -470.5559    -473.5676       3.0117   423.6
1.7400        -470.5789    -474.2371       3.6581   514.6
1.7550        -470.6053    -474.1936       3.5883   504.7
1.7700        -470.6331    -473.9856       3.3525   471.6
1.7850        -470.6633    -473.9312       3.2679   459.7
1.8000        -470.6895    -473.7387       3.0493   428.9
1.8150        -470.7205    -474.2536       3.5331   497.0
1.8300        -470.7522    -473.8244       3.0722   432.1
1.8450        -470.7871    -474.0772       3.2900   462.8
1.8600        -470.8278    -474.2233       3.3955   477.6
1.8750        -470.8808    -474.4231       3.5423   498.3
1.8900        -470.9473    -474.3087       3.3614   472.8
1.9050        -471.0118    -473.8939       2.8821   405.4
1.9200        -471.0816    -474.3544       3.2727   460.3
1.9350        -471.1586    -474.1703       3.0117   423.6
1.9500        -471.2250    -473.8321       2.6071   366.7
1.9650        -471.2925    -474.4045       3.1120   437.7
1.9800        -471.3676    -474.3858       3.0182   424.5
1.9950        -471.4471    -474.5855       3.1384   441.4
2.0100        -471.5314    -474.5820       3.0507   429.1
2.0250        -471.6179    -474.7157       3.0978   435.7
2.0400        -471.7130    -474.7225       3.0095   423.3
2.0550        -471.7844    -473.9734       2.1890   307.9
2.0700        -471.8482    -474.5929       2.7447   386.1
2.0850        -471.9107    -474.5136       2.6029   366.1
2.1000        -471.9700    -474.8423       2.8723   404.0
2.1150        -472.0418    -474.9695       2.9278   411.8
2.1300        -472.1061    -474.6582       2.5521   359.0
2.1450        -472.1714    -474.8855       2.7141   381.8
2.1600        -472.2369    -474.7668       2.5299   355.9
2.1750        -472.2979    -474.8800       2.5821   363.2
2.1900        -472.3617    -474.8470       2.4853   349.6
2.2050        -472.4199    -474.8274       2.4075   338.6
2.2200        -472.4795    -474.9155       2.4360   342.7
2.2350        -472.5356    -474.9035       2.3680   333.1
2.2500        -472.5997    -475.2417       2.6420   371.6
