Time[ps]      Etot[eV]     Epot[eV]     Ekin[eV]    T[K]
0.0000        -469.1159    -470.8975       1.7816   255.2
0.0150        -469.1021    -471.2321       2.1300   305.2
0.0300        -469.0570    -470.8756       1.8187   260.6
0.0450        -468.9917    -471.0937       2.1020   301.1
0.0600        -468.8764    -471.3855       2.5091   359.5
0.0750        -468.7523    -470.8805       2.1282   304.9
0.0900        -468.6352    -470.8262       2.1910   313.9
0.1050        -468.5324    -470.3049       1.7725   253.9
0.1200        -468.4410    -470.9204       2.4794   355.2
0.1350        -468.3244    -470.7841       2.4597   352.4
0.1500        -468.2328    -470.1806       1.9478   279.1
0.1650        -468.1317    -470.4633       2.3316   334.0
0.1800        -468.0231    -469.9737       1.9506   279.4
0.1950        -467.9010    -470.6217       2.7207   389.8
0.2100        -467.7362    -470.6992       2.9631   424.5
0.2250        -467.5610    -470.8530       3.2920   471.6
0.2400        -467.3765    -470.3695       2.9930   428.8
0.2550        -467.2155    -470.0403       2.8248   404.7
0.2700        -467.0440    -469.8450       2.8010   401.3
0.2850        -466.9018    -468.9090       2.0072   287.6
0.3000        -466.7662    -469.3875       2.6213   375.5
0.3150        -466.5796    -469.5037       2.9241   418.9
0.3300        -466.3970    -469.8165       3.4195   489.9
0.3450        -466.1257    -471.3406       5.2149   747.1
0.3600        -465.8614    -469.5695       3.7081   531.2
0.3750        -465.6718    -468.9937       3.3219   475.9
0.3900        -465.4732    -468.7405       3.2673   468.1
0.4050        -465.2723    -468.9389       3.6666   525.3
0.4200        -465.0396    -468.6044       3.5648   510.7
0.4350        -464.8520    -467.8108       2.9588   423.9
0.4500        -464.5987    -469.7339       5.1353   735.7
0.4650        -464.3158    -468.2098       3.8940   557.9
0.4800        -464.0712    -469.1965       5.1254   734.3
0.4950        -463.7697    -468.4370       4.6674   668.7
0.5100        -463.5423    -467.7866       4.2442   608.1
0.5250        -463.2518    -468.9062       5.6544   810.1
0.5400        -462.9810    -467.3553       4.3743   626.7
0.5550        -462.6962    -469.0474       6.3511   909.9
0.5700        -462.4082    -466.2503       3.8421   550.4
0.5850        -462.2212    -466.3841       4.1629   596.4
0.6000        -461.9487    -466.8792       4.9306   706.4
0.6150        -461.6807    -466.8565       5.1758   741.5
0.6300        -461.3327    -468.8412       7.5085  1075.7
0.6450        -461.0063    -466.5396       5.5333   792.7
0.6600        -460.7081    -468.9998       8.2917  1187.9
0.6750        -460.3803    -466.6181       6.2378   893.7
0.6900        -460.1777    -465.5982       5.4206   776.6
0.7050        -459.9213    -465.9810       6.0597   868.1
0.7200        -459.7249    -463.1090       3.3841   484.8
0.7350        -459.5096    -465.8731       6.3635   911.7
0.7500        -459.1757    -466.3959       7.2203  1034.4
0.7650        -458.8503    -467.6552       8.8049  1261.4
0.7800        -458.5310    -466.3638       7.8328  1122.2
0.7950        -458.3196    -465.2484       6.9288   992.7
0.8100        -458.0929    -466.4188       8.3259  1192.8
0.8250        -457.8947    -464.3174       6.4227   920.2
0.8400        -457.7268    -465.4215       7.6947  1102.4
0.8550        -457.5418    -463.8464       6.3046   903.2
0.8700        -457.3965    -463.6350       6.2384   893.8
0.8850        -457.2074    -465.5723       8.3650  1198.4
0.9000        -457.0153    -464.7585       7.7431  1109.3
0.9150        -456.8669    -465.1068       8.2399  1180.5
0.9300        -456.7318    -463.6208       6.8890   987.0
0.9450        -456.6207    -465.3955       8.7748  1257.1
0.9600        -456.5189    -466.0301       9.5112  1362.6
0.9750        -456.4788    -465.0398       8.5610  1226.5
0.9900        -456.4896    -464.8449       8.3552  1197.0
1.0050        -456.5156    -463.2002       6.6845   957.7
1.0200        -456.5410    -463.0273       6.4863   929.3
1.0350        -456.5617    -463.4278       6.8661   983.7
1.0500        -456.5752    -464.0699       7.4947  1073.7
1.0650        -456.6118    -465.7335       9.1217  1306.8
1.0800        -456.7048    -465.7998       9.0950  1303.0
1.0950        -456.8233    -464.6331       7.8099  1118.9
1.1100        -457.0203    -467.5305      10.5101  1505.7
1.1250        -457.2618    -464.5666       7.3048  1046.5
1.1400        -457.4429    -463.0334       5.5906   800.9
1.1550        -457.5769    -463.3053       5.7285   820.7
1.1700        -457.7033    -464.4856       6.7823   971.7
1.1850        -457.8652    -466.2732       8.4080  1204.6
1.2000        -458.0305    -464.7478       6.7173   962.4
1.2150        -458.2062    -466.5556       8.3494  1196.2
1.2300        -458.4158    -466.1092       7.6934  1102.2
1.2450        -458.6052    -465.7276       7.1224  1020.4
1.2600        -458.8114    -465.9887       7.1773  1028.3
1.2750        -458.9803    -465.2436       6.2633   897.3
1.2900        -459.1464    -466.1580       7.0116  1004.5
1.3050        -459.2998    -465.2675       5.9677   855.0
1.3200        -459.4165    -465.9223       6.5058   932.1
1.3350        -459.5541    -466.5326       6.9786   999.8
1.3500        -459.6561    -465.2315       5.5754   798.8
1.3650        -459.7431    -465.8797       6.1366   879.2
1.3800        -459.8112    -466.1431       6.3320   907.2
1.3950        -459.8932    -468.1693       8.2761  1185.7
1.4100        -459.9946    -467.1557       7.1611  1025.9
1.4250        -460.0847    -466.3884       6.3037   903.1
1.4400        -460.1584    -465.8811       5.7228   819.9
1.4550        -460.2016    -465.3331       5.1314   735.2
1.4700        -460.2261    -466.1847       5.9587   853.7
1.4850        -460.2242    -465.4654       5.2411   750.9
1.5000        -460.2011    -466.2699       6.0688   869.4
1.5150        -460.1545    -467.6353       7.4809  1071.7
1.5300        -460.1113    -467.9802       7.8689  1127.3
1.5450        -460.0815    -466.8129       6.7314   964.4
1.5600        -460.0520    -465.9344       5.8824   842.7
1.5750        -460.0131    -466.0839       6.0707   869.7
1.5900        -459.9507    -465.1533       5.2026   745.4
1.6050        -459.8684    -465.5494       5.6811   813.9
1.6200        -459.7527    -466.6522       6.8995   988.5
1.6350        -459.6072    -466.8250       7.2178  1034.1
1.6500        -459.4782    -465.1722       5.6940   815.8
1.6650        -459.3494    -466.0817       6.7322   964.5
1.6800        -459.1819    -467.0753       7.8934  1130.9
1.6950        -459.0275    -466.1223       7.0949  1016.5
1.7100        -458.8981    -465.2586       6.3605   911.2
1.7250        -458.7630    -465.6129       6.8499   981.4
1.7400        -458.6140    -466.9602       8.3462  1195.7
1.7550        -458.4771    -464.9635       6.4863   929.3
1.7700        -458.3787    -463.4404       5.0617   725.2
1.7850        -458.2536    -464.6881       6.4346   921.9
1.8000        -458.0856    -465.6455       7.5599  1083.1
1.8150        -457.9196    -465.8619       7.9423  1137.9
1.8300        -457.7683    -466.5194       8.7511  1253.7
1.8450        -457.6491    -466.5171       8.8680  1270.5
1.8600        -457.5880    -465.8213       8.2333  1179.5
1.8750        -457.5500    -463.5896       6.0395   865.3
1.8900        -457.5147    -463.4357       5.9211   848.3
1.9050        -457.4554    -464.8063       7.3510  1053.1
1.9200        -457.3865    -463.6631       6.2766   899.2
1.9350        -457.3202    -465.2015       7.8813  1129.1
1.9500        -457.2429    -465.5197       8.2768  1185.8
1.9650        -457.2047    -466.3096       9.1049  1304.4
1.9800        -457.2222    -466.6489       9.4267  1350.5
1.9950        -457.2628    -463.0588       5.7960   830.4
2.0100        -457.3036    -464.5703       7.2667  1041.1
2.0250        -457.3505    -465.1907       7.8402  1123.2
2.0400        -457.4194    -465.3570       7.9377  1137.2
2.0550        -457.5103    -464.3644       6.8542   982.0
2.0700        -457.5731    -463.2854       5.7122   818.4
2.0850        -457.6576    -466.6625       9.0049  1290.1
2.1000        -457.7650    -464.6215       6.8565   982.3
2.1150        -457.8663    -464.8482       6.9819  1000.3
2.1300        -457.9987    -466.2524       8.2536  1182.5
2.1450        -458.1502    -466.0088       7.8586  1125.9
2.1600        -458.3508    -466.6222       8.2714  1185.0
2.1750        -458.5237    -464.3917       5.8680   840.7
2.1900        -458.6876    -466.2109       7.5233  1077.8
2.2050        -458.8597    -465.0004       6.1407   879.8
2.2200        -458.9580    -463.1868       4.2288   605.8
2.2350        -459.0350    -465.8945       6.8595   982.7
2.2500        -459.1278    -467.2787       8.1508  1167.7
