Time[ps]      Etot[eV]     Epot[eV]     Ekin[eV]    T[K]
0.0000        -459.1278    -467.2787       8.1508  1167.7
0.0150        -459.1483    -467.7115       8.5632  1226.8
0.0300        -459.1845    -465.2669       6.0824   871.4
0.0450        -459.2125    -466.0167       6.8041   974.8
0.0600        -459.2535    -467.3445       8.0909  1159.2
0.0750        -459.2982    -464.8116       5.5134   789.9
0.0900        -459.3224    -464.5212       5.1989   744.8
0.1050        -459.3236    -465.1181       5.7945   830.2
0.1200        -459.3098    -466.5648       7.2550  1039.4
0.1350        -459.2965    -466.6273       7.3308  1050.3
0.1500        -459.2960    -465.9563       6.6603   954.2
0.1650        -459.3006    -466.4274       7.1268  1021.0
0.1800        -459.3151    -466.2093       6.8942   987.7
0.1950        -459.3368    -465.9942       6.6573   953.8
0.2100        -459.3686    -466.1405       6.7719   970.2
0.2250        -459.4116    -466.4411       7.0295  1007.1
0.2400        -459.4750    -466.0041       6.5292   935.4
0.2550        -459.5363    -464.5858       5.0495   723.4
0.2700        -459.5886    -465.2649       5.6762   813.2
0.2850        -459.6514    -466.8670       7.2156  1033.7
0.3000        -459.7411    -466.4462       6.7051   960.6
0.3150        -459.8483    -466.2546       6.4062   917.8
0.3300        -459.9784    -466.9231       6.9447   994.9
0.3450        -460.1578    -467.7524       7.5946  1088.0
0.3600        -460.3805    -467.1151       6.7346   964.8
0.3750        -460.5493    -464.7635       4.2142   603.7
0.3900        -460.6829    -465.9555       5.2725   755.4
0.4050        -460.8152    -466.2974       5.4822   785.4
0.4200        -460.9389    -466.7308       5.7919   829.8
0.4350        -461.0672    -467.1785       6.1114   875.6
0.4500        -461.1874    -467.4579       6.2705   898.3
0.4650        -461.3242    -468.0044       6.6802   957.0
0.4800        -461.4593    -467.3083       5.8490   838.0
0.4950        -461.5731    -467.1259       5.5528   795.5
0.5100        -461.6772    -466.9254       5.2483   751.9
0.5250        -461.7553    -466.7769       5.0216   719.4
0.5400        -461.8138    -466.6306       4.8169   690.1
0.5550        -461.8585    -467.1557       5.2972   758.9
0.5700        -461.8977    -468.0098       6.1121   875.7
0.5850        -461.9402    -467.2363       5.2961   758.8
0.6000        -461.9718    -467.1180       5.1462   737.3
0.6150        -461.9918    -467.5216       5.5297   792.2
0.6300        -462.0190    -468.4410       6.4220   920.1
0.6450        -462.0587    -467.7450       5.6863   814.7
0.6600        -462.0916    -466.7418       4.6502   666.2
0.6750        -462.1174    -467.4177       5.3003   759.3
0.6900        -462.1356    -467.4427       5.3071   760.3
0.7050        -462.1489    -466.7785       4.6297   663.3
0.7200        -462.1512    -466.6725       4.5213   647.7
0.7350        -462.1380    -467.7743       5.6363   807.5
0.7500        -462.1233    -468.1225       5.9992   859.5
0.7650        -462.1241    -468.2203       6.0962   873.4
0.7800        -462.1385    -467.9181       5.7796   828.0
0.7950        -462.1723    -467.8002       5.6280   806.3
0.8100        -462.2082    -466.6634       4.4552   638.3
0.8250        -462.2293    -466.2327       4.0034   573.6
0.8400        -462.2486    -467.8474       5.5988   802.1
0.8550        -462.2690    -467.2989       5.0299   720.6
0.8700        -462.2938    -467.0681       4.7743   684.0
0.8850        -462.3261    -468.2144       5.8883   843.6
0.9000        -462.3830    -468.5603       6.1774   885.0
0.9150        -462.4850    -468.1035       5.6185   804.9
0.9300        -462.5881    -467.1183       4.5302   649.0
0.9450        -462.6966    -467.5111       4.8145   689.8
0.9600        -462.8235    -467.8025       4.9790   713.3
0.9750        -462.9539    -467.8037       4.8499   694.8
0.9900        -463.0917    -467.6883       4.5966   658.5
1.0050        -463.2123    -467.4968       4.2845   613.8
1.0200        -463.3301    -468.0881       4.7580   681.7
1.0350        -463.4538    -468.3699       4.9161   704.3
1.0500        -463.5847    -468.7572       5.1725   741.0
1.0650        -463.7095    -468.3692       4.6597   667.6
1.0800        -463.8315    -468.7355       4.9040   702.6
1.0950        -463.9469    -468.4914       4.5446   651.1
1.1100        -464.0376    -468.0064       3.9688   568.6
1.1250        -464.1172    -468.3561       4.2389   607.3
1.1400        -464.1749    -467.7139       3.5390   507.0
1.1550        -464.2145    -468.1172       3.9027   559.1
1.1700        -464.2459    -468.6435       4.3976   630.0
1.1850        -464.2862    -469.8033       5.5171   790.4
1.2000        -464.3419    -469.0038       4.6619   667.9
1.2150        -464.3954    -468.4347       4.0393   578.7
1.2300        -464.4398    -468.6046       4.1648   596.7
1.2450        -464.4837    -468.7749       4.2912   614.8
1.2600        -464.5249    -468.2963       3.7715   540.3
1.2750        -464.5465    -467.5729       3.0264   433.6
1.2900        -464.5600    -468.9538       4.3938   629.5
1.3050        -464.5740    -469.0545       4.4805   641.9
1.3200        -464.5940    -468.8699       4.2760   612.6
1.3350        -464.6203    -469.0146       4.3943   629.6
1.3500        -464.6554    -469.0912       4.4358   635.5
1.3650        -464.6955    -468.7228       4.0273   577.0
1.3800        -464.7392    -468.7750       4.0358   578.2
1.3950        -464.7917    -469.1651       4.3733   626.5
1.4100        -464.8436    -468.0766       3.2331   463.2
1.4250        -464.8889    -468.4726       3.5837   513.4
1.4400        -464.9329    -468.7036       3.7707   540.2
1.4550        -464.9865    -469.1597       4.1732   597.9
1.4700        -465.0578    -469.2209       4.1631   596.4
1.4850        -465.1421    -469.1904       4.0483   580.0
1.5000        -465.2484    -469.3586       4.1102   588.9
1.5150        -465.3762    -469.5294       4.1533   595.0
1.5300        -465.5257    -469.3415       3.8158   546.7
1.5450        -465.6541    -468.4117       2.7576   395.1
1.5600        -465.7527    -468.7495       2.9968   429.3
1.5750        -465.8518    -469.1809       3.3292   477.0
1.5900        -465.9519    -469.7451       3.7932   543.4
1.6050        -466.0542    -469.7883       3.7341   535.0
1.6200        -466.1366    -469.4989       3.3623   481.7
1.6350        -466.2146    -470.1821       3.9675   568.4
1.6500        -466.2838    -469.6119       3.3281   476.8
1.6650        -466.3369    -469.5997       3.2628   467.4
1.6800        -466.3717    -469.1409       2.7692   396.7
1.6950        -466.3936    -469.4820       3.0884   442.5
1.7100        -466.4088    -469.5355       3.1267   447.9
1.7250        -466.4171    -469.5586       3.1415   450.1
1.7400        -466.4293    -470.1465       3.7172   532.5
1.7550        -466.4419    -469.3822       2.9402   421.2
1.7700        -466.4526    -469.6057       3.1531   451.7
1.7850        -466.4656    -470.1498       3.6842   527.8
1.8000        -466.4901    -470.1577       3.6676   525.4
1.8150        -466.5233    -469.5422       3.0189   432.5
1.8300        -466.5490    -469.1993       2.6503   379.7
1.8450        -466.5720    -469.7412       3.1693   454.0
1.8600        -466.5969    -469.4492       2.8523   408.6
1.8750        -466.6195    -469.5540       2.9346   420.4
1.8900        -466.6448    -469.7635       3.1187   446.8
1.9050        -466.6774    -470.0919       3.4144   489.2
1.9200        -466.7326    -470.5510       3.8184   547.0
1.9350        -466.8060    -470.0482       3.2422   464.5
1.9500        -466.8882    -469.9237       3.0355   434.9
1.9650        -466.9579    -469.2874       2.3294   333.7
1.9800        -467.0171    -469.5906       2.5736   368.7
1.9950        -467.0799    -469.9409       2.8610   409.9
2.0100        -467.1448    -470.0127       2.8679   410.9
2.0250        -467.2143    -470.1066       2.8923   414.4
2.0400        -467.2842    -470.2963       3.0121   431.5
2.0550        -467.3671    -470.5793       3.2122   460.2
2.0700        -467.4515    -470.3259       2.8744   411.8
2.0850        -467.5268    -470.1723       2.6456   379.0
2.1000        -467.5882    -469.9192       2.3310   334.0
2.1150        -467.6387    -470.1982       2.5595   366.7
2.1300        -467.6882    -470.3836       2.6954   386.2
2.1450        -467.7396    -470.3993       2.6597   381.0
2.1600        -467.7808    -469.8625       2.0817   298.2
2.1750        -467.8127    -470.2251       2.4124   345.6
2.1900        -467.8549    -470.9318       3.0769   440.8
2.2050        -467.9131    -470.7306       2.8174   403.6
2.2200        -467.9733    -470.4554       2.4822   355.6
2.2350        -468.0343    -470.5711       2.5368   363.4
2.2500        -468.1003    -470.5465       2.4462   350.5
